OUTCOME=success
COMMIT=3bc16ae10fec5cb74b2921dec250c697a89e7e50
[1m[33mwarning[0m: crates/tdmodeler-app/Cargo.toml: `default-features` is ignored for egui-winit, since `default-features` was not specified for `workspace.dependencies.egui-winit`, this could become a hard error in the future
[1m[33mwarning[0m: `tdmodeler-app` (manifest) generated 1 warning
[1m[92m    Updating[0m crates.io index
[1m[92m     Locking[0m 374 packages to latest compatible versions
[1m[92m      Adding[0m egui v0.34.3 [1m[33m(available: v0.36.1)[0m
[1m[92m      Adding[0m egui-wgpu v0.34.3 [1m[33m(available: v0.36.1)[0m
[1m[92m      Adding[0m egui-winit v0.34.3 [1m[33m(available: v0.36.1)[0m
[1m[92m      Adding[0m glam v0.29.3 [1m[33m(available: v0.33.6)[0m
[1m[92m      Adding[0m pollster v0.4.0 [1m[33m(available: v1.0.1)[0m
[1m[92m      Adding[0m wgpu v29.0.4 [1m[33m(available: v30.0.1)[0m
[1m[92m   Compiling[0m tdmodeler-mesh v0.1.0 (/home/runner/work/3dwon/3dwon/crates/tdmodeler-mesh)
[1m[92m   Compiling[0m tdmodeler-render v0.1.0 (/home/runner/work/3dwon/3dwon/crates/tdmodeler-render)
[1m[92m   Compiling[0m tdmodeler-core v0.1.0 (/home/runner/work/3dwon/3dwon/crates/tdmodeler-core)
[1m[92m   Compiling[0m tdmodeler-io v0.1.0 (/home/runner/work/3dwon/3dwon/crates/tdmodeler-io)
[1m[33mwarning[0m[1m: variable does not need to be mutable[0m
   [1m[94m--> [0mcrates/tdmodeler-core/src/sketch.rs:108:13
    [1m[94m|[0m
[1m[94m108[0m [1m[94m|[0m         let mut t = (r / half.tan()).min(la * 0.5).min(lb * 0.5);
    [1m[94m|[0m             [1m[94m----[0m[1m[33m^[0m
    [1m[94m|[0m             [1m[94m|[0m
    [1m[94m|[0m             [1m[94mhelp: remove this `mut`[0m
    [1m[94m|[0m
    [1m[94m= [0m[1mnote[0m: `#[warn(unused_mut)]` (part of `#[warn(unused)]`) on by default

[1m[33mwarning[0m: `tdmodeler-core` (lib) generated 1 warning (run `cargo fix --lib -p tdmodeler-core` to apply 1 suggestion)
[1m[92m   Compiling[0m tdmodeler-app v0.1.0 (/home/runner/work/3dwon/3dwon/crates/tdmodeler-app)
[1m[33mwarning[0m[1m: unused import: `ControlFlow`[0m
  [1m[94m--> [0mcrates/tdmodeler-app/src/gui.rs:10:25
   [1m[94m|[0m
[1m[94m10[0m [1m[94m|[0m use winit::event_loop::{ControlFlow, EventLoop};
   [1m[94m|[0m                         [1m[33m^^^^^^^^^^^[0m
   [1m[94m|[0m
   [1m[94m= [0m[1mnote[0m: `#[warn(unused_imports)]` (part of `#[warn(unused)]`) on by default

[1m[33mwarning[0m[1m: use of deprecated method `winit::event_loop::EventLoop::<T>::create_window`: use `ActiveEventLoop::create_window` instead[0m
  [1m[94m--> [0mcrates/tdmodeler-app/src/gui.rs:22:10
   [1m[94m|[0m
[1m[94m22[0m [1m[94m|[0m         .create_window(WindowAttributes::default().with_title("TDModeler"))
   [1m[94m|[0m          [1m[33m^^^^^^^^^^^^^[0m
   [1m[94m|[0m
   [1m[94m= [0m[1mnote[0m: `#[warn(deprecated)]` on by default

[1m[33mwarning[0m[1m: use of deprecated method `winit::event_loop::EventLoop::<T>::run`: use `EventLoop::run_app` instead[0m
  [1m[94m--> [0mcrates/tdmodeler-app/src/gui.rs:82:16
   [1m[94m|[0m
[1m[94m82[0m [1m[94m|[0m     event_loop.run(|event, elwt| {
   [1m[94m|[0m                [1m[33m^^^[0m

[1m[33mwarning[0m[1m: use of deprecated method `egui::Context::run`: Call run_ui instead[0m
   [1m[94m--> [0mcrates/tdmodeler-app/src/gui.rs:122:41
    [1m[94m|[0m
[1m[94m122[0m [1m[94m|[0m                     let full = egui_ctx.run(raw, |ctx| {
    [1m[94m|[0m                                         [1m[33m^^^[0m

[1m[33mwarning[0m[1m: use of deprecated method `egui::CentralPanel::show`: Use show_inside() instead[0m
   [1m[94m--> [0mcrates/tdmodeler-app/src/gui.rs:123:55
    [1m[94m|[0m
[1m[94m123[0m [1m[94m|[0m                         egui::CentralPanel::default().show(ctx, |ui| {
    [1m[94m|[0m                                                       [1m[33m^^^^[0m

[1m[33mwarning[0m[1m: unused `std::result::Result` that must be used[0m
   [1m[94m--> [0mcrates/tdmodeler-app/src/gui.rs:82:5
    [1m[94m|[0m
[1m[94m 82[0m [1m[94m|[0m [1m[33m/[0m     event_loop.run(|event, elwt| {
[1m[94m 83[0m [1m[94m|[0m [1m[33m|[0m         let window_ref: &Window = &window;
[1m[94m 84[0m [1m[94m|[0m [1m[33m|[0m         match event {
[1m[94m 85[0m [1m[94m|[0m [1m[33m|[0m         Event::WindowEvent { event, .. } => {
[1m[94m...[0m   [1m[33m|[0m
[1m[94m194[0m [1m[94m|[0m [1m[33m|[0m     );
    [1m[94m|[0m [1m[33m|_____^[0m
    [1m[94m|[0m
    [1m[94m= [0m[1mnote[0m: this `Result` may be an `Err` variant, which should be handled
    [1m[94m= [0m[1mnote[0m: `#[warn(unused_must_use)]` (part of `#[warn(unused)]`) on by default
[1m[96mhelp[0m: use `let _ = ...` to ignore the resulting value
    [1m[94m|[0m
[1m[94m 82[0m [1m[94m| [0m    [92mlet _ = [0mevent_loop.run(|event, elwt| {
    [1m[94m|[0m     [92m+++++++[0m

[1m[33mwarning[0m: `tdmodeler-app` (bin "tdmodeler") generated 6 warnings (run `cargo fix --bin "tdmodeler" -p tdmodeler-app` to apply 1 suggestion)
[1m[92m    Finished[0m `dev` profile [unoptimized + debuginfo] target(s) in 5.49s
